\BOOKMARK [1][-]{section*.2}{\376\377\000I\000n\000t\000r\000o\000d\000u\000c\000c\000i\000\363\000n}{}% 1
\BOOKMARK [1][-]{section*.3}{\376\377\000E\000s\000p\000e\000c\000i\000f\000i\000c\000a\000c\000i\000\363\000n\000\040\000d\000e\000\040\000R\000e\000q\000u\000e\000r\000i\000m\000i\000e\000n\000t\000o\000s\000\040\000d\000e\000l\000\040\000S\000i\000s\000t\000e\000m\000a}{}% 2
\BOOKMARK [2][-]{section*.4}{\376\377\000P\000r\000o\000p\000\363\000s\000i\000t\000o}{section*.3}% 3
\BOOKMARK [2][-]{section*.5}{\376\377\000H\000i\000s\000t\000o\000r\000i\000a\000s\000\040\000d\000e\000\040\000U\000s\000u\000a\000r\000i\000o}{section*.3}% 4
\BOOKMARK [2][-]{section*.7}{\376\377\000R\000e\000q\000u\000e\000r\000i\000m\000i\000e\000n\000t\000o\000s\000\040\000F\000u\000n\000c\000i\000o\000n\000a\000l\000e\000s}{section*.3}% 5
\BOOKMARK [2][-]{section*.9}{\376\377\000R\000e\000q\000u\000e\000r\000i\000m\000i\000e\000n\000t\000o\000s\000\040\000N\000o\000\040\000F\000u\000n\000c\000i\000o\000n\000a\000l\000e\000s}{section*.3}% 6
\BOOKMARK [2][-]{section*.11}{\376\377\000F\000l\000u\000j\000o\000\040\000d\000e\000\040\000E\000s\000t\000a\000d\000o\000s\000\040\000d\000e\000l\000\040\000S\000i\000s\000t\000e\000m\000a}{section*.3}% 7
\BOOKMARK [1][-]{section*.13}{\376\377\000C\000a\000s\000o\000s\000\040\000d\000e\000\040\000U\000s\000o}{}% 8
\BOOKMARK [2][-]{section*.14}{\376\377\000D\000i\000a\000g\000r\000a\000m\000a\000\040\000G\000e\000n\000e\000r\000a\000l\000\040\000d\000e\000\040\000C\000a\000s\000o\000s\000\040\000d\000e\000\040\000U\000s\000o}{section*.13}% 9
\BOOKMARK [2][-]{section*.16}{\376\377\000D\000e\000s\000c\000r\000i\000p\000c\000i\000o\000n\000e\000s\000\040\000D\000e\000t\000a\000l\000l\000a\000d\000a\000s\000\040\000d\000e\000\040\000C\000a\000s\000o\000s\000\040\000d\000e\000\040\000U\000s\000o}{section*.13}% 10
\BOOKMARK [2][-]{section*.17}{\376\377\000C\000U\000-\0000\0001\000:\000\040\000I\000n\000i\000c\000i\000a\000r\000\040\000N\000u\000e\000v\000a\000\040\000P\000a\000r\000t\000i\000d\000a}{section*.13}% 11
\BOOKMARK [2][-]{section*.18}{\376\377\000C\000U\000-\0000\0002\000:\000\040\000R\000e\000s\000o\000l\000v\000e\000r\000\040\000C\000o\000m\000b\000a\000t\000e\000\040\000p\000o\000r\000\040\000T\000u\000r\000n\000o\000s}{section*.13}% 12
\BOOKMARK [2][-]{section*.19}{\376\377\000C\000U\000-\0000\0003\000:\000\040\000G\000e\000s\000t\000i\000o\000n\000a\000r\000\040\000I\000n\000v\000e\000n\000t\000a\000r\000i\000o\000\040\000J\000e\000r\000\341\000r\000q\000u\000i\000c\000o}{section*.13}% 13
\BOOKMARK [2][-]{section*.20}{\376\377\000C\000U\000-\0000\0004\000:\000\040\000G\000u\000a\000r\000d\000a\000r\000\040\000y\000\040\000C\000a\000r\000g\000a\000r\000\040\000P\000a\000r\000t\000i\000d\000a}{section*.13}% 14
\BOOKMARK [2][-]{section*.21}{\376\377\000C\000U\000-\0000\0005\000:\000\040\000E\000x\000p\000l\000o\000r\000a\000r\000\040\000M\000a\000z\000m\000o\000r\000r\000a\000\040\000y\000\040\000P\000r\000o\000g\000r\000e\000s\000a\000r\000\040\000C\000a\000m\000p\000a\000\361\000a}{section*.13}% 15
\BOOKMARK [1][-]{section*.22}{\376\377\000P\000r\000o\000t\000o\000t\000i\000p\000a\000d\000o\000\040\000d\000e\000\040\000I\000n\000t\000e\000r\000f\000a\000z}{}% 16
\BOOKMARK [2][-]{section*.23}{\376\377\000P\000a\000n\000t\000a\000l\000l\000a\000s\000\040\000P\000r\000o\000t\000o\000t\000i\000p\000a\000d\000a\000s}{section*.22}% 17
\BOOKMARK [2][-]{section*.25}{\376\377\000C\000a\000p\000t\000u\000r\000a\000s\000\040\000d\000e\000l\000\040\000P\000r\000o\000t\000o\000t\000i\000p\000o}{section*.22}% 18
\BOOKMARK [1][-]{section*.35}{\376\377\000P\000i\000l\000a\000r\000e\000s\000\040\000d\000e\000\040\000l\000a\000\040\000P\000r\000o\000g\000r\000a\000m\000a\000c\000i\000\363\000n\000\040\000O\000r\000i\000e\000n\000t\000a\000d\000a\000\040\000a\000\040\000O\000b\000j\000e\000t\000o\000s}{}% 19
\BOOKMARK [2][-]{section*.36}{\376\377\000E\000n\000c\000a\000p\000s\000u\000l\000a\000m\000i\000e\000n\000t\000o}{section*.35}% 20
\BOOKMARK [2][-]{section*.37}{\376\377\000H\000e\000r\000e\000n\000c\000i\000a}{section*.35}% 21
\BOOKMARK [2][-]{section*.38}{\376\377\000P\000o\000l\000i\000m\000o\000r\000f\000i\000s\000m\000o}{section*.35}% 22
\BOOKMARK [2][-]{section*.39}{\376\377\000A\000b\000s\000t\000r\000a\000c\000c\000i\000\363\000n}{section*.35}% 23
\BOOKMARK [1][-]{section*.40}{\376\377\000P\000r\000i\000n\000c\000i\000p\000i\000o\000s\000\040\000S\000O\000L\000I\000D}{}% 24
\BOOKMARK [2][-]{section*.41}{\376\377\000S\000i\000n\000g\000l\000e\000\040\000R\000e\000s\000p\000o\000n\000s\000i\000b\000i\000l\000i\000t\000y\000\040\000P\000r\000i\000n\000c\000i\000p\000l\000e}{section*.40}% 25
\BOOKMARK [2][-]{section*.42}{\376\377\000O\000p\000e\000n\000/\000C\000l\000o\000s\000e\000d\000\040\000P\000r\000i\000n\000c\000i\000p\000l\000e}{section*.40}% 26
\BOOKMARK [2][-]{section*.43}{\376\377\000L\000i\000s\000k\000o\000v\000\040\000S\000u\000b\000s\000t\000i\000t\000u\000t\000i\000o\000n\000\040\000P\000r\000i\000n\000c\000i\000p\000l\000e}{section*.40}% 27
\BOOKMARK [2][-]{section*.44}{\376\377\000I\000n\000t\000e\000r\000f\000a\000c\000e\000\040\000S\000e\000g\000r\000e\000g\000a\000t\000i\000o\000n\000\040\000P\000r\000i\000n\000c\000i\000p\000l\000e}{section*.40}% 28
\BOOKMARK [2][-]{section*.45}{\376\377\000D\000e\000p\000e\000n\000d\000e\000n\000c\000y\000\040\000I\000n\000v\000e\000r\000s\000i\000o\000n\000\040\000P\000r\000i\000n\000c\000i\000p\000l\000e}{section*.40}% 29
